../Core/Src/main.c:91:6:HAL_GPIO_EXTI_Callback	16	static
../Core/Src/main.c:116:6:HAL_TIM_IC_CaptureCallback	16	static
../Core/Src/main.c:130:5:main	8	static
../Core/Src/main.c:234:6:SystemClock_Config	88	static
../Core/Src/main.c:276:13:MX_ADC1_Init	24	static
../Core/Src/main.c:328:13:MX_TIM1_Init	32	static
../Core/Src/main.c:377:13:MX_TIM2_Init	48	static
../Core/Src/main.c:426:13:MX_GPIO_Init	48	static
../Core/Src/main.c:479:5:luzEntrante	16	static
../Core/Src/main.c:498:6:antirrebotes	24	static
../Core/Src/main.c:531:6:modoNoche	16	static
../Core/Src/main.c:545:6:modoDia	16	static
../Core/Src/main.c:564:6:Error_Handler	4	static,ignoring_inline_asm
